// Jest Snapshot v1, https://goo.gl/fbAQLP

exports[`Should Preload render correctly 1`] = `
<div
  className="loading-network"
>
  <h1
    className="loading-network__title"
  >
    Загрузка...
  </h1>
</div>
`;
